// Jest Snapshot v1, https://goo.gl/fbAQLP

exports[`Confirmation Dialog Component snapshoot component 1`] = `<DocumentFragment />`;
